[0.040s] Invoking command in '/home/asdfr_cbl_08/ROS2-RELbot/build/setpoints_publisher': /usr/bin/cmake --build /home/asdfr_cbl_08/ROS2-RELbot/build/setpoints_publisher -- -j3 -l3
[0.139s] -- Found ament_cmake: 1.3.8 (/opt/ros/humble/share/ament_cmake/cmake)
[0.788s] -- Found rclcpp: 16.0.8 (/opt/ros/humble/share/rclcpp/cmake)
[0.895s] -- Found rosidl_generator_c: 3.1.5 (/opt/ros/humble/share/rosidl_generator_c/cmake)
[0.908s] -- Found rosidl_adapter: 3.1.5 (/opt/ros/humble/share/rosidl_adapter/cmake)
[0.930s] -- Found rosidl_generator_cpp: 3.1.5 (/opt/ros/humble/share/rosidl_generator_cpp/cmake)
[0.978s] -- Using all available rosidl_typesupport_c: rosidl_typesupport_fastrtps_c;rosidl_typesupport_introspection_c
[1.045s] -- Using all available rosidl_typesupport_cpp: rosidl_typesupport_fastrtps_cpp;rosidl_typesupport_introspection_cpp
[1.271s] -- Found rmw_implementation_cmake: 6.1.1 (/opt/ros/humble/share/rmw_implementation_cmake/cmake)
[1.278s] -- Found rmw_fastrtps_cpp: 6.2.6 (/opt/ros/humble/share/rmw_fastrtps_cpp/cmake)
[1.661s] -- Using RMW implementation 'rmw_fastrtps_cpp' as default
[2.318s] -- Found geometry_msgs: 4.2.3 (/opt/ros/humble/share/geometry_msgs/cmake)
[2.502s] -- Found custom_msgs: 0.0.0 (/home/asdfr_cbl_08/xenomia4-framework/install/custom_msgs/share/custom_msgs/cmake)
[2.577s] -- Found ament_lint_auto: 0.12.10 (/opt/ros/humble/share/ament_lint_auto/cmake)
[2.819s] Error parsing '/home/asdfr_cbl_08/ROS2-RELbot/src/setpoints_publisher/package.xml':
[3.023s] Traceback (most recent call last):
[3.024s]   File "/usr/lib/python3/dist-packages/catkin_pkg/package.py", line 610, in parse_package_string
[3.026s]     root = dom.parseString(data)
[3.027s]   File "/usr/lib/python3.10/xml/dom/minidom.py", line 2000, in parseString
[3.035s]     return expatbuilder.parseString(string)
[3.043s]   File "/usr/lib/python3.10/xml/dom/expatbuilder.py", line 925, in parseString
[3.045s]     return builder.parseString(string)
[3.047s]   File "/usr/lib/python3.10/xml/dom/expatbuilder.py", line 223, in parseString
[3.056s]     parser.Parse(string, True)
[3.058s] xml.parsers.expat.ExpatError: mismatched tag: line 15, column 23
[3.060s] 
[3.062s] During handling of the above exception, another exception occurred:
[3.066s] 
[3.069s] Traceback (most recent call last):
[3.071s]   File "/opt/ros/humble/share/ament_cmake_core/cmake/core/package_xml_2_cmake.py", line 150, in <module>
[3.073s]     main()
[3.075s]   File "/opt/ros/humble/share/ament_cmake_core/cmake/core/package_xml_2_cmake.py", line 53, in main
[3.077s]     raise e
[3.079s]   File "/opt/ros/humble/share/ament_cmake_core/cmake/core/package_xml_2_cmake.py", line 49, in main
[3.087s]     package = parse_package_string(
[3.089s]   File "/usr/lib/python3/dist-packages/catkin_pkg/package.py", line 612, in parse_package_string
[3.091s]     raise InvalidPackage('The manifest contains invalid XML:\n%s' % ex, filename)
[3.092s] catkin_pkg.package.InvalidPackage: Error(s) in package '/home/asdfr_cbl_08/ROS2-RELbot/src/setpoints_publisher/package.xml':
[3.093s] The manifest contains invalid XML:
[3.095s] mismatched tag: line 15, column 23
[3.187s] [31mCMake Error at /opt/ros/humble/share/ament_cmake_core/cmake/core/ament_package_xml.cmake:95 (message):
[3.188s]   execute_process(/usr/bin/python3
[3.190s]   /opt/ros/humble/share/ament_cmake_core/cmake/core/package_xml_2_cmake.py
[3.191s]   /home/asdfr_cbl_08/ROS2-RELbot/src/setpoints_publisher/package.xml
[3.193s]   /home/asdfr_cbl_08/ROS2-RELbot/build/setpoints_publisher/ament_cmake_core/package.cmake)
[3.194s]   returned error code 1
[3.196s] Call Stack (most recent call first):
[3.198s]   /opt/ros/humble/share/ament_cmake_core/cmake/core/ament_package_xml.cmake:49 (_ament_package_xml)
[3.208s]   /opt/ros/humble/share/ament_lint_auto/cmake/ament_lint_auto_find_test_dependencies.cmake:31 (ament_package_xml)
[3.212s]   CMakeLists.txt:43 (ament_lint_auto_find_test_dependencies)
[3.216s] 
[3.219s] [0m
[3.221s] -- Configuring incomplete, errors occurred!
[3.224s] See also "/home/asdfr_cbl_08/ROS2-RELbot/build/setpoints_publisher/CMakeFiles/CMakeOutput.log".
[3.255s] gmake: *** [Makefile:267: cmake_check_build_system] Error 1
[3.258s] Invoked command in '/home/asdfr_cbl_08/ROS2-RELbot/build/setpoints_publisher' returned '2': /usr/bin/cmake --build /home/asdfr_cbl_08/ROS2-RELbot/build/setpoints_publisher -- -j3 -l3
